-------------
load config from local path: ./projects/configs/baselines/shape_guide.py
[dist_train] console logging -> logs/shape_guide/20260624_163130.log  (실시간 보기: tail -f logs/shape_guide/20260624_163130.log)
-------------
load config from local path: ./projects/configs/baselines/shape_guide.py
[dist_train] console logging -> logs/shape_guide/20260624_163304.log  (실시간 보기: tail -f logs/shape_guide/20260624_163304.log)
-------------
load config from local path: ./projects/configs/baselines/shape_guide_128.py
[dist_train] console logging -> logs/shape_guide_128/20260625_005512.log  (실시간 보기: tail -f logs/shape_guide_128/20260625_005512.log)
-------------
load config from local path: ./projects/configs/baselines/shape_guide_128_dice.py
[dist_train] console logging -> logs/shape_guide_128_dice/20260625_113016.log  (실시간 보기: tail -f logs/shape_guide_128_dice/20260625_113016.log)
-------------
load config from local path: ./projects/configs/baselines/shape_guide_128_dice.py
[dist_train] console logging -> logs/shape_guide_128_dice/20260625_123924.log  (실시간 보기: tail -f logs/shape_guide_128_dice/20260625_123924.log)
-------------
load config from local path: ./projects/configs/baselines/shape_guide_128_dice_weight.py
[dist_train] console logging -> logs/shape_guide_128_dice_weight/20260625_143103.log  (실시간 보기: tail -f logs/shape_guide_128_dice_weight/20260625_143103.log)
-------------
load config from local path: ./projects/configs/baselines/shape_guide_128_dice_weight.py
[dist_train] console logging -> logs/shape_guide_128_dice_weight/20260625_175732.log  (실시간 보기: tail -f logs/shape_guide_128_dice_weight/20260625_175732.log)
-------------
load config from local path: ./projects/configs/baselines/shape_guide_128_dice_weight.py
[dist_train] console logging -> logs/shape_guide_128_dice_weight/20260625_175931.log  (실시간 보기: tail -f logs/shape_guide_128_dice_weight/20260625_175931.log)
-------------
load config from local path: ./projects/configs/baselines/shape_guide_128_dice.py
[dist_train] console logging -> logs/shape_guide_128_dice/20260625_175935.log  (실시간 보기: tail -f logs/shape_guide_128_dice/20260625_175935.log)
-------------
load config from local path: ./projects/configs/baselines/shape_guide_128_dice_weight_24.py
[dist_train] console logging -> logs/shape_guide_128_dice_weight_24/20260625_214042.log  (실시간 보기: tail -f logs/shape_guide_128_dice_weight_24/20260625_214042.log)
-------------
load config from local path: ./projects/configs/baselines/shape_guide_128_dice_weight.py
[dist_train] console logging -> logs/shape_guide_128_dice_weight/20260626_140228.log  (실시간 보기: tail -f logs/shape_guide_128_dice_weight/20260626_140228.log)
-------------
load config from local path: ./projects/configs/baselines/shape_guide_128_dice_weight_24.py
[dist_train] console logging -> logs/shape_guide_128_dice_weight_24/20260626_140245.log  (실시간 보기: tail -f logs/shape_guide_128_dice_weight_24/20260626_140245.log)
[dist_test] console logging -> logs/shape_guide_128_dice/eval/20260626_142919.log  (실시간 보기: tail -f logs/shape_guide_128_dice/eval/20260626_142919.log)
[dist_test] console logging -> logs/shape_guide_128_dice/eval/20260626_144649.log  (실시간 보기: tail -f logs/shape_guide_128_dice/eval/20260626_144649.log)
[dist_test] console logging -> logs/shape_guide_128_dice/eval/20260626_144659.log  (실시간 보기: tail -f logs/shape_guide_128_dice/eval/20260626_144659.log)
[dist_test] console logging -> logs/shape_guide_128_dice/eval/20260626_144759.log  (실시간 보기: tail -f logs/shape_guide_128_dice/eval/20260626_144759.log)
[dist_test] console logging -> logs/shape_guide_128_dice/eval/20260626_144808.log  (실시간 보기: tail -f logs/shape_guide_128_dice/eval/20260626_144808.log)
[dist_test] console logging -> logs/shape_guide_128_dice/eval/20260626_145706.log  (실시간 보기: tail -f logs/shape_guide_128_dice/eval/20260626_145706.log)
[dist_test] console logging -> logs/shape_guide_128_dice/eval/20260626_145715.log  (실시간 보기: tail -f logs/shape_guide_128_dice/eval/20260626_145715.log)
[dist_test] console logging -> logs/shape_guide_128_dice/eval/20260626_151526.log  (실시간 보기: tail -f logs/shape_guide_128_dice/eval/20260626_151526.log)
[dist_test] console logging -> logs/shape_guide_128_dice/eval/20260626_151531.log  (실시간 보기: tail -f logs/shape_guide_128_dice/eval/20260626_151531.log)
[dist_test] console logging -> logs/shape_guide_128_dice/eval/20260626_151906.log  (실시간 보기: tail -f logs/shape_guide_128_dice/eval/20260626_151906.log)
[dist_test] console logging -> logs/shape_guide_128_dice/eval/20260626_151923.log  (실시간 보기: tail -f logs/shape_guide_128_dice/eval/20260626_151923.log)
-------------
load config from local path: ./projects/configs/baselines/shape_guide_128_dice_weight.py
[dist_train] console logging -> logs/shape_guide_128_dice_weight/20260626_152215.log  (실시간 보기: tail -f logs/shape_guide_128_dice_weight/20260626_152215.log)
-------------
load config from local path: ./projects/configs/baselines/shape_guide_128_dice_weight_24.py
[dist_train] console logging -> logs/shape_guide_128_dice_weight_24/20260626_152221.log  (실시간 보기: tail -f logs/shape_guide_128_dice_weight_24/20260626_152221.log)
-------------
load config from local path: ./projects/configs/baselines/shape_guide_128_dice_weight_24.py
[dist_train] console logging -> logs/shape_guide_128_dice_weight_24/20260626_154238.log  (실시간 보기: tail -f logs/shape_guide_128_dice_weight_24/20260626_154238.log)
[dist_test] console logging -> logs/shape_guide_128_dice/eval/20260626_154246.log  (실시간 보기: tail -f logs/shape_guide_128_dice/eval/20260626_154246.log)
-------------
load config from local path: ./projects/configs/baselines/shape_guide_128_dice_weight.py
[dist_train] console logging -> logs/shape_guide_128_dice_weight/20260626_154259.log  (실시간 보기: tail -f logs/shape_guide_128_dice_weight/20260626_154259.log)
-------------
load config from local path: ./projects/configs/baselines/shape_guide_128_dice_weight.py
[dist_train] console logging -> logs/shape_guide_128_dice_weight/20260626_161305.log  (실시간 보기: tail -f logs/shape_guide_128_dice_weight/20260626_161305.log)
-------------
load config from local path: ./projects/configs/baselines/shape_guide_128_dice_weight_24.py
[dist_train] console logging -> logs/shape_guide_128_dice_weight_24/20260626_161310.log  (실시간 보기: tail -f logs/shape_guide_128_dice_weight_24/20260626_161310.log)
-------------
load config from local path: ./projects/configs/baselines/shape_guide_128_dice_weight.py
[dist_train] console logging -> logs/shape_guide_128_dice_weight/20260626_161337.log  (실시간 보기: tail -f logs/shape_guide_128_dice_weight/20260626_161337.log)
-------------
load config from local path: ./projects/configs/baselines/shape_guide_128_dice_weight_24.py
[dist_train] console logging -> logs/shape_guide_128_dice_weight_24/20260626_161342.log  (실시간 보기: tail -f logs/shape_guide_128_dice_weight_24/20260626_161342.log)
[dist_test] console logging -> logs/shape_guide_128_dice/eval/20260626_171253.log  (실시간 보기: tail -f logs/shape_guide_128_dice/eval/20260626_171253.log)
[dist_test] console logging -> logs/shape_guide_128_dice/eval/20260626_174827.log  (실시간 보기: tail -f logs/shape_guide_128_dice/eval/20260626_174827.log)
[dist_test] console logging -> logs/shape_guide_128_dice/eval/20260626_174837.log  (실시간 보기: tail -f logs/shape_guide_128_dice/eval/20260626_174837.log)
[dist_test] console logging -> logs/shape_guide_128_dice/eval/20260626_174935.log  (실시간 보기: tail -f logs/shape_guide_128_dice/eval/20260626_174935.log)
[dist_test] console logging -> logs/shape_guide_128_dice/eval/20260626_174937.log  (실시간 보기: tail -f logs/shape_guide_128_dice/eval/20260626_174937.log)
-------------
load config from local path: ./projects/configs/baselines/shape_guide_128_dice_weight.py
[dist_train] console logging -> logs/shape_guide_128_dice_weight/20260626_174958.log  (실시간 보기: tail -f logs/shape_guide_128_dice_weight/20260626_174958.log)
-------------
load config from local path: ./projects/configs/baselines/shape_guide_128_dice_weight_24.py
[dist_train] console logging -> logs/shape_guide_128_dice_weight_24/20260626_175507.log  (실시간 보기: tail -f logs/shape_guide_128_dice_weight_24/20260626_175507.log)
eval_total_2.sh: line 22: unexpected EOF while looking for matching `"'
[dist_test] console logging -> logs/shape_guide_128_dice_weight/eval/20260626_195904.log  (실시간 보기: tail -f logs/shape_guide_128_dice_weight/eval/20260626_195904.log)
-------------
load config from local path: ./projects/configs/baselines/shape_guide_128_dice_weight_fl25.py
[dist_train] console logging -> logs/shape_guide_128_dice_weight_fl25/20260626_200154.log  (실시간 보기: tail -f logs/shape_guide_128_dice_weight_fl25/20260626_200154.log)
-------------
load config from local path: ./projects/configs/baselines/shape_guide_128_dice_weight_full.py
[dist_train] console logging -> logs/shape_guide_128_dice_weight_full/20260626_220650.log  (실시간 보기: tail -f logs/shape_guide_128_dice_weight_full/20260626_220650.log)
-------------
load config from local path: ./projects/configs/baselines/shape_guide_128_dice_weight_fl25.py
[dist_train] console logging -> logs/shape_guide_128_dice_weight_fl25/20260627_194729.log  (실시간 보기: tail -f logs/shape_guide_128_dice_weight_fl25/20260627_194729.log)
-------------
load config from local path: ./projects/configs/baselines/shape_guide_128_dice_weight_24.py
[dist_train] console logging -> logs/shape_guide_128_dice_weight_24/20260627_194756.log  (실시간 보기: tail -f logs/shape_guide_128_dice_weight_24/20260627_194756.log)
-------------
load config from local path: ./projects/configs/baselines/shape_guide_128_dice_weight_full.py
[dist_train] console logging -> logs/shape_guide_128_dice_weight_full/20260627_194801.log  (실시간 보기: tail -f logs/shape_guide_128_dice_weight_full/20260627_194801.log)
-------------
load config from local path: ./projects/configs/baselines/shape_guide_128_dice_weight_full.py
[dist_train] console logging -> logs/shape_guide_128_dice_weight_full/20260627_195850.log  (실시간 보기: tail -f logs/shape_guide_128_dice_weight_full/20260627_195850.log)
-------------
load config from local path: ./projects/configs/baselines/shape_guide_128_dice_weight_full.py
[dist_train] console logging -> logs/shape_guide_128_dice_weight_full/20260627_195853.log  (실시간 보기: tail -f logs/shape_guide_128_dice_weight_full/20260627_195853.log)
-------------
load config from local path: ./projects/configs/baselines/shape_guide_128_dice_weight_full.py
[dist_train] console logging -> logs/shape_guide_128_dice_weight_full/20260627_200107.log  (실시간 보기: tail -f logs/shape_guide_128_dice_weight_full/20260627_200107.log)
-------------
load config from local path: ./projects/configs/baselines/shape_guide_128_dice_weight_24.py
[dist_train] console logging -> logs/shape_guide_128_dice_weight_24/20260627_200451.log  (실시간 보기: tail -f logs/shape_guide_128_dice_weight_24/20260627_200451.log)
-------------
load config from local path: ./projects/configs/baselines/shape_guide_128_dice_weight_fl25.py
[dist_train] console logging -> logs/shape_guide_128_dice_weight_fl25/20260627_200455.log  (실시간 보기: tail -f logs/shape_guide_128_dice_weight_fl25/20260627_200455.log)
-------------
load config from local path: ./projects/configs/baselines/shape_guide_128_dice_weight_fl25_z.py
[dist_train] console logging -> logs/shape_guide_128_dice_weight_fl25_z/20260629_113826.log  (실시간 보기: tail -f logs/shape_guide_128_dice_weight_fl25_z/20260629_113826.log)
-------------
load config from local path: ./projects/configs/baselines/shape_guide_128_dice_weight_fl25_sz06_dice3d.py
[dist_train] console logging -> logs/shape_guide_128_dice_weight_fl25_sz06_dice3d/20260629_141435.log  (실시간 보기: tail -f logs/shape_guide_128_dice_weight_fl25_sz06_dice3d/20260629_141435.log)
-------------
load config from local path: ./projects/configs/baselines/shape_guide_128_dice_weight_full.py
[dist_train] console logging -> logs/shape_guide_128_dice_weight_full/20260629_141448.log  (실시간 보기: tail -f logs/shape_guide_128_dice_weight_full/20260629_141448.log)
-------------
load config from local path: ./projects/configs/baselines/shape_guide_128_dice_weight_fl25_sz06.py
[dist_train] console logging -> logs/shape_guide_128_dice_weight_fl25_sz06/20260629_152650.log  (실시간 보기: tail -f logs/shape_guide_128_dice_weight_fl25_sz06/20260629_152650.log)
-------------
load config from local path: ./projects/configs/baselines/shape_guide_128_dice_weight_fl25_sz06_dice3d.py
[dist_train] console logging -> logs/shape_guide_128_dice_weight_fl25_sz06_dice3d/20260629_152724.log  (실시간 보기: tail -f logs/shape_guide_128_dice_weight_fl25_sz06_dice3d/20260629_152724.log)
-------------
load config from local path: ./projects/configs/baselines/shape_guide_128_dice_weight_fl25_sz06.py
[dist_train] console logging -> logs/shape_guide_128_dice_weight_fl25_sz06/20260629_152814.log  (실시간 보기: tail -f logs/shape_guide_128_dice_weight_fl25_sz06/20260629_152814.log)
-------------
load config from local path: ./projects/configs/baselines/shape_guide_128_dice_weight_fl25_sz06_dice3d.py
[dist_train] console logging -> logs/shape_guide_128_dice_weight_fl25_sz06_dice3d/20260629_152818.log  (실시간 보기: tail -f logs/shape_guide_128_dice_weight_fl25_sz06_dice3d/20260629_152818.log)
-------------
load config from local path: ./projects/configs/baselines/shape_guide_128_dice_weight_full.py
[dist_train] console logging -> logs/shape_guide_128_dice_weight_full/20260629_152822.log  (실시간 보기: tail -f logs/shape_guide_128_dice_weight_full/20260629_152822.log)
[dist_test] console logging -> logs/shape_guide_128_dice_weight_fl25_sz06_dice3d/eval/20260630_102004.log  (실시간 보기: tail -f logs/shape_guide_128_dice_weight_fl25_sz06_dice3d/eval/20260630_102004.log)
[dist_test] console logging -> logs/shape_guide_128_dice_weight_fl25_sz06_dice3d/eval/20260630_102732.log  (실시간 보기: tail -f logs/shape_guide_128_dice_weight_fl25_sz06_dice3d/eval/20260630_102732.log)
-------------
load config from local path: ./projects/configs/baselines/shape_guide_128_dice_weight_fl25_sz06_dice3d.py
[dist_train] console logging -> logs/shape_guide_128_dice_weight_fl25_sz06_dice3d/20260630_102808.log  (실시간 보기: tail -f logs/shape_guide_128_dice_weight_fl25_sz06_dice3d/20260630_102808.log)
-------------
load config from local path: ./projects/configs/baselines/shape_guide_128_dice_weight_fl25_sz06.py
[dist_train] console logging -> logs/shape_guide_128_dice_weight_fl25_sz06/20260630_102813.log  (실시간 보기: tail -f logs/shape_guide_128_dice_weight_fl25_sz06/20260630_102813.log)
[dist_test] console logging -> logs/shape_guide_128_dice_weight_fl25_sz06/eval/20260630_104351.log  (실시간 보기: tail -f logs/shape_guide_128_dice_weight_fl25_sz06/eval/20260630_104351.log)
[dist_test] console logging -> logs/shape_guide_128_dice_weight_fl25_sz06/eval/20260630_122854.log  (실시간 보기: tail -f logs/shape_guide_128_dice_weight_fl25_sz06/eval/20260630_122854.log)
[dist_test] console logging -> logs/shape_guide_128_dice_weight_fl25_sz06/eval/20260630_143021.log  (실시간 보기: tail -f logs/shape_guide_128_dice_weight_fl25_sz06/eval/20260630_143021.log)
[dist_test] console logging -> logs/shape_guide_128_dice_weight_fl25_sz06/eval/20260630_153129.log  (실시간 보기: tail -f logs/shape_guide_128_dice_weight_fl25_sz06/eval/20260630_153129.log)
[dist_test] console logging -> logs/shape_guide_128_dice_weight_fl25_sz06/eval/20260630_153137.log  (실시간 보기: tail -f logs/shape_guide_128_dice_weight_fl25_sz06/eval/20260630_153137.log)
-------------
load config from local path: ./projects/configs/baselines/shape_guide_128_dice_weight_fl25_sz06_full.py
[dist_train] console logging -> logs/shape_guide_128_dice_weight_fl25_sz06_full/20260630_153314.log  (실시간 보기: tail -f logs/shape_guide_128_dice_weight_fl25_sz06_full/20260630_153314.log)
-------------
load config from local path: ./projects/configs/baselines/shape_guide_128_dice_weight_fl25_sz06_full.py
[dist_train] console logging -> logs/shape_guide_128_dice_weight_fl25_sz06_full/20260630_163944.log  (실시간 보기: tail -f logs/shape_guide_128_dice_weight_fl25_sz06_full/20260630_163944.log)
-------------
load config from local path: ./projects/configs/baselines/shape_guide_128_dice_weight_full.py
[dist_train] console logging -> logs/shape_guide_128_dice_weight_full/20260630_164850.log  (실시간 보기: tail -f logs/shape_guide_128_dice_weight_full/20260630_164850.log)
-------------
load config from local path: ./projects/configs/baselines/shape_guide_128_dice_weight_full.py
[dist_train] console logging -> logs/shape_guide_128_dice_weight_full/20260630_183914.log  (실시간 보기: tail -f logs/shape_guide_128_dice_weight_full/20260630_183914.log)
-------------
load config from local path: ./projects/configs/baselines/full.py
[dist_train] console logging -> logs/full/20260630_185747.log  (실시간 보기: tail -f logs/full/20260630_185747.log)
-------------
load config from local path: ./projects/configs/baselines/full.py
[dist_train] console logging -> logs/full/20260630_190408.log  (실시간 보기: tail -f logs/full/20260630_190408.log)
-------------
load config from local path: ./projects/configs/baselines/full.py
[dist_train] console logging -> logs/full/20260630_190651.log  (실시간 보기: tail -f logs/full/20260630_190651.log)
-------------
load config from local path: ./projects/configs/baselines/subset_scale.py
[dist_train] console logging -> logs/subset_scale/20260701_002652.log  (실시간 보기: tail -f logs/subset_scale/20260701_002652.log)
-------------
load config from local path: ./projects/configs/baselines/subset_scale.py
[dist_train] console logging -> logs/subset_scale/20260701_002809.log  (실시간 보기: tail -f logs/subset_scale/20260701_002809.log)
-------------
load config from local path: ./projects/configs/baselines/subset_scale_offset.py
[dist_train] console logging -> logs/subset_scale_offset/20260701_125454.log  (실시간 보기: tail -f logs/subset_scale_offset/20260701_125454.log)
-------------
load config from local path: ./projects/configs/baselines/full.py
[dist_train] console logging -> logs/full/20260701_125504.log  (실시간 보기: tail -f logs/full/20260701_125504.log)
-------------
load config from local path: ./projects/configs/baselines/full.py
[dist_train] console logging -> logs/full/20260701_133949.log  (실시간 보기: tail -f logs/full/20260701_133949.log)
-------------
load config from local path: ./projects/configs/baselines/subset_scale_offset.py
[dist_train] console logging -> logs/subset_scale_offset/20260701_134000.log  (실시간 보기: tail -f logs/subset_scale_offset/20260701_134000.log)
-------------
load config from local path: ./projects/configs/baselines/subset_scale_offset.py
[dist_train] console logging -> logs/subset_scale_offset/20260701_140133.log  (실시간 보기: tail -f logs/subset_scale_offset/20260701_140133.log)
-------------
load config from local path: ./projects/configs/baselines/full.py
[dist_train] console logging -> logs/full/20260701_140144.log  (실시간 보기: tail -f logs/full/20260701_140144.log)
-------------
load config from local path: ./projects/configs/baselines/full.py
[dist_train] console logging -> logs/full/20260701_143633.log  (실시간 보기: tail -f logs/full/20260701_143633.log)
-------------
load config from local path: ./projects/configs/baselines/subset_scale_offset.py
[dist_train] console logging -> logs/subset_scale_offset/20260701_143637.log  (실시간 보기: tail -f logs/subset_scale_offset/20260701_143637.log)
-------------
load config from local path: ./projects/configs/baselines/full.py
[dist_train] console logging -> logs/full/20260702_100341.log  (실시간 보기: tail -f logs/full/20260702_100341.log)
-------------
load config from local path: ./projects/configs/baselines/subset_scale_offset.py
[dist_train] console logging -> logs/subset_scale_offset/20260702_100420.log  (실시간 보기: tail -f logs/subset_scale_offset/20260702_100420.log)
-------------
load config from local path: ./projects/configs/baselines/subset_scale_offset_we.py
[dist_train] console logging -> logs/subset_scale_offset_we/20260702_123927.log  (실시간 보기: tail -f logs/subset_scale_offset_we/20260702_123927.log)
-------------
load config from local path: ./projects/configs/baselines/subset_attn.py
[dist_train] console logging -> logs/subset_attn/20260702_141614.log  (실시간 보기: tail -f logs/subset_attn/20260702_141614.log)
-------------
load config from local path: ./projects/configs/baselines/subset_attn_cover.py
[dist_train] console logging -> logs/subset_attn_cover/20260702_164813.log  (실시간 보기: tail -f logs/subset_attn_cover/20260702_164813.log)
-------------
load config from local path: ./projects/configs/baselines/full.py
[dist_train] console logging -> logs/full/20260702_184457.log  (실시간 보기: tail -f logs/full/20260702_184457.log)
-------------
load config from local path: ./projects/configs/baselines/subset_scale_offset_we.py
[dist_train] console logging -> logs/subset_scale_offset_we/20260702_184502.log  (실시간 보기: tail -f logs/subset_scale_offset_we/20260702_184502.log)
-------------
load config from local path: ./projects/configs/baselines/subset_attn.py
[dist_train] console logging -> logs/subset_attn/20260702_184507.log  (실시간 보기: tail -f logs/subset_attn/20260702_184507.log)
train_total_4.sh: line 5: 5,6,7,0,1,2,3,4: command not found
train_total_4.sh: line 5: 5,6,7,0,1,2,3,4: command not found
-------------
load config from local path: ./projects/configs/baselines/subset_attn_cover.py
[dist_train] console logging -> logs/subset_attn_cover/20260703_101555.log  (실시간 보기: tail -f logs/subset_attn_cover/20260703_101555.log)
[dist_test] console logging -> logs/subset_attn/eval/20260703_202718.log  (실시간 보기: tail -f logs/subset_attn/eval/20260703_202718.log)
[dist_test] console logging -> logs/subset_attn/eval/20260703_202720.log  (실시간 보기: tail -f logs/subset_attn/eval/20260703_202720.log)
[dist_test] console logging -> logs/subset_attn/eval/20260703_215455.log  (실시간 보기: tail -f logs/subset_attn/eval/20260703_215455.log)
[dist_test] console logging -> logs/subset_attn/eval/20260703_234027.log  (실시간 보기: tail -f logs/subset_attn/eval/20260703_234027.log)
-------------
load config from local path: ./projects/configs/baselines/full.py
[dist_train] console logging -> logs/full/20260704_190611.log  (실시간 보기: tail -f logs/full/20260704_190611.log)
[dist_test] console logging -> logs/full/eval/20260704_190637.log  (실시간 보기: tail -f logs/full/eval/20260704_190637.log)
[dist_test] console logging -> logs/full/eval/20260704_190649.log  (실시간 보기: tail -f logs/full/eval/20260704_190649.log)
-------------
load config from local path: ./projects/configs/baselines/full.py
[dist_train] console logging -> logs/full/20260704_191329.log  (실시간 보기: tail -f logs/full/20260704_191329.log)
[dist_test] console logging -> logs/full/eval/20260704_191358.log  (실시간 보기: tail -f logs/full/eval/20260704_191358.log)
[dist_test] console logging -> logs/full/eval/20260704_191423.log  (실시간 보기: tail -f logs/full/eval/20260704_191423.log)
[dist_test] console logging -> logs/full/eval/20260704_201139.log  (실시간 보기: tail -f logs/full/eval/20260704_201139.log)
[dist_test] console logging -> logs/subset_attn_cover/eval/20260704_201457.log  (실시간 보기: tail -f logs/subset_attn_cover/eval/20260704_201457.log)
[dist_test] console logging -> logs/subset_attn_cover/eval/20260704_201603.log  (실시간 보기: tail -f logs/subset_attn_cover/eval/20260704_201603.log)
-------------
load config from local path: ./projects/configs/baselines/subset_attn_cover_full.py
[dist_train] console logging -> logs/subset_attn_cover_full/20260704_224722.log  (실시간 보기: tail -f logs/subset_attn_cover_full/20260704_224722.log)
-------------
load config from local path: ./projects/configs/baselines/full_attn_cover.py
[dist_train] console logging -> logs/full_attn_cover/20260704_230554.log  (실시간 보기: tail -f logs/full_attn_cover/20260704_230554.log)
-------------
load config from local path: ./projects/configs/baselines/subset_attn_cover_size.py
[dist_train] console logging -> logs/subset_attn_cover_size/20260704_235120.log  (실시간 보기: tail -f logs/subset_attn_cover_size/20260704_235120.log)
-------------
load config from local path: ./projects/configs/baselines/subset_attn_cover_size.py
[dist_train] console logging -> logs/subset_attn_cover_size/20260706_093639.log  (실시간 보기: tail -f logs/subset_attn_cover_size/20260706_093639.log)
[dist_test] console logging -> logs/full/eval/20260706_095001.log  (실시간 보기: tail -f logs/full/eval/20260706_095001.log)
[dist_test] console logging -> logs/full/eval/20260706_145954.log  (실시간 보기: tail -f logs/full/eval/20260706_145954.log)
[dist_test] console logging -> logs/full/eval/20260706_162614.log  (실시간 보기: tail -f logs/full/eval/20260706_162614.log)
[dist_test] console logging -> logs/full/eval/20260706_162941.log  (실시간 보기: tail -f logs/full/eval/20260706_162941.log)
eval_total.sh: line 22: unexpected EOF while looking for matching `"'
-------------
load config from local path: ./projects/configs/baselines/subset_attn_cover_aabb.py
[dist_train] console logging -> logs/subset_attn_cover_aabb/20260706_220321.log  (실시간 보기: tail -f logs/subset_attn_cover_aabb/20260706_220321.log)
-------------
load config from local path: ./projects/configs/baselines/full.py
[dist_train] console logging -> logs/full/20260707_094306.log  (실시간 보기: tail -f logs/full/20260707_094306.log)
[dist_test] console logging -> logs/full/eval/20260707_094310.log  (실시간 보기: tail -f logs/full/eval/20260707_094310.log)
[dist_test] console logging -> logs/full_attn_cover/eval/20260707_094315.log  (실시간 보기: tail -f logs/full_attn_cover/eval/20260707_094315.log)
-------------
load config from local path: ./projects/configs/baselines/full_attn_cover.py
[dist_train] console logging -> logs/full_attn_cover/20260707_133058.log  (실시간 보기: tail -f logs/full_attn_cover/20260707_133058.log)
-------------
load config from local path: ./projects/configs/baselines/full.py
[dist_train] console logging -> logs/full/20260707_163741.log  (실시간 보기: tail -f logs/full/20260707_163741.log)
-------------
load config from local path: ./projects/configs/baselines/full.py
[dist_train] console logging -> logs/full/20260707_163834.log  (실시간 보기: tail -f logs/full/20260707_163834.log)
-------------
load config from local path: ./projects/configs/baselines/full_attn_cover.py
[dist_train] console logging -> logs/full_attn_cover/20260707_163838.log  (실시간 보기: tail -f logs/full_attn_cover/20260707_163838.log)
-------------
load config from local path: ./projects/configs/baselines/subset_attn_cover_aabb_dice.py
[dist_train] console logging -> logs/subset_attn_cover_aabb_dice/20260707_165848.log  (실시간 보기: tail -f logs/subset_attn_cover_aabb_dice/20260707_165848.log)
[dist_test] console logging -> logs/full/eval/20260708_123344.log  (실시간 보기: tail -f logs/full/eval/20260708_123344.log)
[dist_test] console logging -> logs/full_attn_cover/eval/20260708_142209.log  (실시간 보기: tail -f logs/full_attn_cover/eval/20260708_142209.log)
[dist_test] console logging -> logs/full_attn_cover/eval/20260708_142418.log  (실시간 보기: tail -f logs/full_attn_cover/eval/20260708_142418.log)
[dist_test] console logging -> logs/subset_attn_cover_aabb_dice/eval/20260708_150414.log  (실시간 보기: tail -f logs/subset_attn_cover_aabb_dice/eval/20260708_150414.log)
-------------
load config from local path: ./projects/configs/baselines/full.py
[dist_train] console logging -> logs/full/20260708_202336.log  (실시간 보기: tail -f logs/full/20260708_202336.log)
[dist_test] console logging -> logs/full/eval/20260709_102512.log  (실시간 보기: tail -f logs/full/eval/20260709_102512.log)
[dist_test] console logging -> logs/full_attn_cover/eval/20260709_102547.log  (실시간 보기: tail -f logs/full_attn_cover/eval/20260709_102547.log)
-------------
load config from local path: ./projects/configs/baselines/full.py
[dist_train] console logging -> logs/full/20260709_114828.log  (실시간 보기: tail -f logs/full/20260709_114828.log)
-------------
load config from local path: ./projects/configs/baselines/full_attn_cover.py
[dist_train] console logging -> logs/full_attn_cover/20260709_114836.log  (실시간 보기: tail -f logs/full_attn_cover/20260709_114836.log)
[dist_test] console logging -> logs/subset_attn_cover_aabb_dice/eval/20260709_115047.log  (실시간 보기: tail -f logs/subset_attn_cover_aabb_dice/eval/20260709_115047.log)
